# Git的使用（二）

### 工作区和暂存区

Git和其他版本控制系统如SVN的一个不同之处就是有暂存区的概念。

先来看名词解释。

#### 工作区（Working Directory）

就是你在电脑里能看到的目录，比如我的`learngit`文件夹就是一个工作区：

![working-dir](http://www.liaoxuefeng.com/files/attachments/0013849082162373cc083b22a2049c4a47408722a61a770000/0)

#### 版本库（Repository）

工作区有一个隐藏目录`.git`，这个不算工作区，而是Git的版本库。

Git的版本库里存了很多东西，其中最重要的就是称为stage（或者叫index）的暂存区，还有Git为我们自动创建的第一个分支`master`，以及指向`master`的一个指针叫`HEAD`。

![git-repo](http://www.liaoxuefeng.com/files/attachments/001384907702917346729e9afbf4127b6dfbae9207af016000/0)

分支和`HEAD`的概念我们以后再讲。

前面讲了我们把文件往Git版本库里添加的时候，是分两步执行的：

第一步是用`git add`把文件添加进去，实际上就是把文件修改添加到暂存区；

第二步是用`git commit`提交更改，实际上就是把暂存区的所有内容提交到当前分支。

因为我们创建Git版本库时，Git自动为我们创建了唯一一个`master`分支，所以，现在，`git commit`就是往`master`分支上提交更改。

你可以简单理解为，需要提交的文件修改通通放到暂存区，然后，一次性提交暂存区的所有修改。

俗话说，实践出真知。现在，我们再练习一遍，先对`readme.txt`做个修改，比如加上一行内容：

```
Git is a distributed version control system.
Git is free software distributed under the GPL.
Git has a mutable index called stage.

```

然后，在工作区新增一个`LICENSE`文本文件（内容随便写）。

先用`git status`查看一下状态：

```
$ git status
# On branch master
# Changes not staged for commit:
#   (use "git add <file>..." to update what will be committed)
#   (use "git checkout -- <file>..." to discard changes in working directory)
#
#       modified:   readme.txt
#
# Untracked files:
#   (use "git add <file>..." to include in what will be committed)
#
#       LICENSE
no changes added to commit (use "git add" and/or "git commit -a")

```

Git非常清楚地告诉我们，`readme.txt`被修改了，而`LICENSE`还从来没有被添加过，所以它的状态是`Untracked`。

现在，使用两次命令`git add`，把`readme.txt`和`LICENSE`都添加后，用`git status`再查看一下：

```
$ git status
# On branch master
# Changes to be committed:
#   (use "git reset HEAD <file>..." to unstage)
#
#       new file:   LICENSE
#       modified:   readme.txt
#

```

现在，暂存区的状态就变成这样了：

![git-stage](http://www.liaoxuefeng.com/files/attachments/001384907720458e56751df1c474485b697575073c40ae9000/0)

所以，`git add`命令实际上就是把要提交的所有修改放到暂存区（Stage），然后，执行`git commit`就可以一次性把暂存区的所有修改提交到分支。

```
$ git commit -m "understand how stage works"
[master 27c9860] understand how stage works
 2 files changed, 675 insertions(+)
 create mode 100644 LICENSE

```

一旦提交后，如果你又没有对工作区做任何修改，那么工作区就是“干净”的：

```
$ git status
# On branch master
nothing to commit (working directory clean)

```

现在版本库变成了这样，暂存区就没有任何内容了：

![git-stage-after-commit](http://www.liaoxuefeng.com/files/attachments/0013849077337835a877df2d26742b88dd7f56a6ace3ecf000/0)

### 小结

暂存区是Git非常重要的概念，弄明白了暂存区，就弄明白了Git的很多操作到底干了什么。

没弄明白暂存区是怎么回事的童鞋，请向上滚动页面，再看一次。

---

### 管理修改

现在，假定你已经完全掌握了暂存区的概念。下面，我们要讨论的就是，为什么Git比其他版本控制系统设计得优秀，因为Git跟踪并管理的是修改，而非文件。

你会问，什么是修改？比如你新增了一行，这就是一个修改，删除了一行，也是一个修改，更改了某些字符，也是一个修改，删了一些又加了一些，也是一个修改，甚至创建一个新文件，也算一个修改。

为什么说Git管理的是修改，而不是文件呢？我们还是做实验。第一步，对readme.txt做一个修改，比如加一行内容：

```
$ cat readme.txt
Git is a distributed version control system.
Git is free software distributed under the GPL.
Git has a mutable index called stage.
Git tracks changes.

```

然后，添加：

```
$ git add readme.txt
$ git status
# On branch master
# Changes to be committed:
#   (use "git reset HEAD <file>..." to unstage)
#
#       modified:   readme.txt
#

```

然后，再修改readme.txt：

```
$ cat readme.txt 
Git is a distributed version control system.
Git is free software distributed under the GPL.
Git has a mutable index called stage.
Git tracks changes of files.

```

提交：

```
$ git commit -m "git tracks changes"
[master d4f25b6] git tracks changes
 1 file changed, 1 insertion(+)

```

提交后，再看看状态：

```
$ git status
# On branch master
# Changes not staged for commit:
#   (use "git add <file>..." to update what will be committed)
#   (use "git checkout -- <file>..." to discard changes in working directory)
#
#       modified:   readme.txt
#
no changes added to commit (use "git add" and/or "git commit -a")

```

咦，怎么第二次的修改没有被提交？

别激动，我们回顾一下操作过程：

第一次修改 -> `git add` -> 第二次修改 -> `git commit`

你看，我们前面讲了，Git管理的是修改，当你用`git add`命令后，在工作区的第一次修改被放入暂存区，准备提交，但是，在工作区的第二次修改并没有放入暂存区，所以，`git commit`只负责把暂存区的修改提交了，也就是第一次的修改被提交了，第二次的修改不会被提交。

提交后，用`git diff HEAD -- readme.txt`命令可以查看工作区和版本库里面最新版本的区别：

```
$ git diff HEAD -- readme.txt 
diff --git a/readme.txt b/readme.txt
index 76d770f..a9c5755 100644
--- a/readme.txt
+++ b/readme.txt
@@ -1,4 +1,4 @@
 Git is a distributed version control system.
 Git is free software distributed under the GPL.
 Git has a mutable index called stage.
-Git tracks changes.
+Git tracks changes of files.

```

可见，第二次修改确实没有被提交。

#### 管理修改

阅读: 355437

------

现在，假定你已经完全掌握了暂存区的概念。下面，我们要讨论的就是，为什么Git比其他版本控制系统设计得优秀，因为Git跟踪并管理的是修改，而非文件。

你会问，什么是修改？比如你新增了一行，这就是一个修改，删除了一行，也是一个修改，更改了某些字符，也是一个修改，删了一些又加了一些，也是一个修改，甚至创建一个新文件，也算一个修改。

为什么说Git管理的是修改，而不是文件呢？我们还是做实验。第一步，对readme.txt做一个修改，比如加一行内容：

```
$ cat readme.txt
Git is a distributed version control system.
Git is free software distributed under the GPL.
Git has a mutable index called stage.
Git tracks changes.

```

然后，添加：

```
$ git add readme.txt
$ git status
# On branch master
# Changes to be committed:
#   (use "git reset HEAD <file>..." to unstage)
#
#       modified:   readme.txt
#

```

然后，再修改readme.txt：

```
$ cat readme.txt 
Git is a distributed version control system.
Git is free software distributed under the GPL.
Git has a mutable index called stage.
Git tracks changes of files.

```

提交：

```
$ git commit -m "git tracks changes"
[master d4f25b6] git tracks changes
 1 file changed, 1 insertion(+)

```

提交后，再看看状态：

```
$ git status
# On branch master
# Changes not staged for commit:
#   (use "git add <file>..." to update what will be committed)
#   (use "git checkout -- <file>..." to discard changes in working directory)
#
#       modified:   readme.txt
#
no changes added to commit (use "git add" and/or "git commit -a")

```

咦，怎么第二次的修改没有被提交？

别激动，我们回顾一下操作过程：

第一次修改 -> `git add` -> 第二次修改 -> `git commit`

你看，我们前面讲了，Git管理的是修改，当你用`git add`命令后，在工作区的第一次修改被放入暂存区，准备提交，但是，在工作区的第二次修改并没有放入暂存区，所以，`git commit`只负责把暂存区的修改提交了，也就是第一次的修改被提交了，第二次的修改不会被提交。

提交后，用`git diff HEAD -- readme.txt`命令可以查看工作区和版本库里面最新版本的区别：

```
$ git diff HEAD -- readme.txt 
diff --git a/readme.txt b/readme.txt
index 76d770f..a9c5755 100644
--- a/readme.txt
+++ b/readme.txt
@@ -1,4 +1,4 @@
 Git is a distributed version control system.
 Git is free software distributed under the GPL.
 Git has a mutable index called stage.
-Git tracks changes.
+Git tracks changes of files.

```

可见，第二次修改确实没有被提交。

那怎么提交第二次修改呢？你可以继续`git add`再`git commit`，也可以别着急提交第一次修改，先`git add`第二次修改，再`git commit`，就相当于把两次修改合并后一块提交了：

第一次修改 -> `git add` -> 第二次修改 -> `git add` -> `git commit`

好，现在，把第二次修改提交了，然后开始小结。

### 小结

现在，你又理解了Git是如何跟踪修改的，每次修改，如果不`add`到暂存区，那就不会加入到`commit`中。

